// Jest Snapshot v1, https://goo.gl/fbAQLP

exports[`should render ExpenseList with expenses 1`] = `
<div>
  <h1>
    Expense List
  </h1>
  <ExpenseListItem
    amount={50}
    createdAt={0}
    description="Chew"
    id="1"
    key="1"
    note=""
  />
  <ExpenseListItem
    amount={100}
    createdAt={-345600000}
    description="Gum"
    id="2"
    key="2"
    note=""
  />
  <ExpenseListItem
    amount={150}
    createdAt={345600000}
    description="Gumistan"
    id="3"
    key="3"
    note=""
  />
</div>
`;

exports[`should render with empty message 1`] = `
<div>
  <h1>
    Expense List
  </h1>
  <p>
     No expenses found 
  </p>
</div>
`;
