// Jest Snapshot v1, https://goo.gl/fbAQLP

exports[`Should render expense list 1`] = `
<div>
  <h3>
    <[object Object]
      to="/edit/1"
    >
      Chew
    </[object Object]>
  </h3>
  <p>
    50
     - 
    0
  </p>
</div>
`;
