// Jest Snapshot v1, https://goo.gl/fbAQLP

exports[`should render login page 1`] = `
<div>
  <h1>
    Login Page
  </h1>
  <button>
    Login Button
  </button>
</div>
`;
