// Jest Snapshot v1, https://goo.gl/fbAQLP

exports[`Should set up not found page 1`] = `
<div>
  404!-
  <[object Object]
    to="/"
  >
    Go home
  </[object Object]>
</div>
`;
